// 重构日志: fbf07a56
// 同步 ID: d4160465 @ Fri Jul 24 04:21:18 UTC 2026
// 同步 ID: a14b2daa @ Fri Jul 24 14:20:41 UTC 2026
// 同步 ID: ce82a0ce @ Fri Jul 24 16:32:18 UTC 2026
// 重构日志: b3901c78
// 重构日志: 7eaf6184
// 重构日志: 5e9fa00a
// 重构日志: 277b0f9b
// 重构日志: c8324a7f
// 同步 ID: b43439ab @ Mon Jul 27 15:10:49 UTC 2026
// 同步 ID: fb8477fa @ Mon Jul 27 19:12:31 UTC 2026
// 重构日志: 8cd36562
// 同步 ID: 8e4fb485 @ Tue Jul 28 12:29:25 UTC 2026
// 重构日志: 21e0ce2b
// 同步 ID: cc04c134 @ Wed Jul 29 10:46:36 UTC 2026
// 同步 ID: 92c054ec @ Wed Jul 29 12:43:30 UTC 2026
// 重构日志: 140094fb
// 同步 ID: 826e034f @ Fri Jul 31 00:42:48 UTC 2026
// 同步 ID: fef89980 @ Fri Jul 31 07:24:15 UTC 2026
// 重构日志: df356af0
// 重构日志: 9b157b4e
// 重构日志: d3f79a17
// 重构日志: 7f5bf162
// 重构日志: e948197b
// 重构日志: d6effa2f
// 重构日志: 49ad877d
// 同步 ID: abb784bd @ Wed Aug  5 09:59:17 UTC 2026
// 重构日志: 7e726f3e
// 同步 ID: 571c551c @ Thu Aug  6 03:41:17 UTC 2026
// 同步 ID: 783720ba @ Fri Aug  7 00:16:42 UTC 2026
// 重构日志: 1d5c0b4b
// 重构日志: 22319ed6
